<html>
<body>
<pre>
<h1>µVision Build Log</h1>
<h2>Project:</h2>
C:\Users\Administrator\Desktop\w5500s\W5500²âËÙ\STM32F407_W5500\W5500_TCPClientË«Ïò\Project\WIZnet_W5500.uvproj
Project File Date:  09/21/2018

<h2>Output:</h2>
Build target 'Target 1'
compiling main.c...
linking...
Program Size: Code=11704 RO-data=440 RW-data=124 ZI-data=17428  
FromELF: creating hex file...
"..\Output\WIZnet_W5500.axf" - 0 Error(s), 0 Warning(s).
Load "..\\Output\\WIZnet_W5500.axf" 
Erase Done.
Programming Done.
Verify OK.
</pre>
</body>
</html>
